// Jest Snapshot v1, https://goo.gl/fbAQLP

exports[`<Cart /> renders and matches snappy 1`] = `
<header>
  <CloseButton
    onClick={[Function]}
    title="close"
  >
    <button
      className="CloseButton-sc-1e0bic3-0 hKGff"
      onClick={[Function]}
      title="close"
    >
      Ã—
    </button>
  </CloseButton>
  <Supreme>
    <h3
      className="Supreme-sc-1pjsbkd-0 gFEAcM"
    >
      Miss Coleman Berge
      's Cart
    </h3>
  </Supreme>
  <p>
    You have 
    1
     item
     in your cart
  </p>
</header>
`;
